=== Basic Function Tests ===
Hello from function!
Sum: 8

=== Return Type Tests ===
Integer return: 42
Decimal return: 3.14
Tex return: test text
Boolean return: facts

=== Parameter Type Tests ===
Combined text: Hello, World!
Decimal sum: 6

=== Recursive Function Tests ===
Factorial of 5: 120

=== Function Call Chain Tests ===
Double 5: 10
Triple 5: 15
Quadruple 5: 20

=== Scope Tests ===
Global var inside function: 10
Local var inside function: 20
Scope test complete
Global var outside function: 10

=== Function Tests Complete ===
